[ 1 of 21] Compiling Colony.Codec.CBOR ( $RUN_DIR/work/vendor/colony0.2/src/Colony/Codec/CBOR.hs, $RUN_DIR/build/Colony/Codec/CBOR.o )
[ 2 of 21] Compiling Colony.Codec.SHA256 ( $RUN_DIR/work/vendor/colony0.2/src/Colony/Codec/SHA256.hs, $RUN_DIR/build/Colony/Codec/SHA256.o )
[ 3 of 21] Compiling Colony.Codec.Value ( $RUN_DIR/work/vendor/colony0.2/src/Colony/Codec/Value.hs, $RUN_DIR/build/Colony/Codec/Value.o )
[ 4 of 21] Compiling Colony.JSON      ( $RUN_DIR/work/vendor/colony0.2/src/Colony/JSON.hs, $RUN_DIR/build/Colony/JSON.o )
[ 5 of 21] Compiling Colony.RNG       ( $RUN_DIR/work/vendor/colony0.2/src/Colony/RNG.hs, $RUN_DIR/build/Colony/RNG.o )
[ 6 of 21] Compiling Colony.Units     ( $RUN_DIR/work/vendor/colony0.2/src/Colony/Units.hs, $RUN_DIR/build/Colony/Units.o )
[ 7 of 21] Compiling Colony.Types     ( $RUN_DIR/work/vendor/colony0.2/src/Colony/Types.hs, $RUN_DIR/build/Colony/Types.o )
[ 8 of 21] Compiling Colony.Topology  ( $RUN_DIR/work/vendor/colony0.2/src/Colony/Topology.hs, $RUN_DIR/build/Colony/Topology.o )
[ 9 of 21] Compiling Colony.Content   ( $RUN_DIR/work/vendor/colony0.2/src/Colony/Content.hs, $RUN_DIR/build/Colony/Content.o )
[10 of 21] Compiling Colony.Inventory ( $RUN_DIR/work/vendor/colony0.2/src/Colony/Inventory.hs, $RUN_DIR/build/Colony/Inventory.o )
[11 of 21] Compiling Colony.Transport ( $RUN_DIR/work/vendor/colony0.2/src/Colony/Transport.hs, $RUN_DIR/build/Colony/Transport.o )
[12 of 21] Compiling Colony.Power     ( $RUN_DIR/work/vendor/colony0.2/src/Colony/Power.hs, $RUN_DIR/build/Colony/Power.o )
[13 of 21] Compiling Colony.Needs     ( $RUN_DIR/work/vendor/colony0.2/src/Colony/Needs.hs, $RUN_DIR/build/Colony/Needs.o )
[14 of 21] Compiling Colony.Maintenance ( $RUN_DIR/work/vendor/colony0.2/src/Colony/Maintenance.hs, $RUN_DIR/build/Colony/Maintenance.o )
[15 of 21] Compiling Colony.ContentCodec ( $RUN_DIR/work/vendor/colony0.2/src/Colony/ContentCodec.hs, $RUN_DIR/build/Colony/ContentCodec.o )
[16 of 21] Compiling Colony.Jobs      ( $RUN_DIR/work/vendor/colony0.2/src/Colony/Jobs.hs, $RUN_DIR/build/Colony/Jobs.o )
[17 of 21] Compiling Colony.World     ( $RUN_DIR/work/vendor/colony0.2/src/Colony/World.hs, $RUN_DIR/build/Colony/World.o )
[18 of 21] Compiling Colony.Codec     ( $RUN_DIR/work/vendor/colony0.2/src/Colony/Codec.hs, $RUN_DIR/build/Colony/Codec.o )
[19 of 21] Compiling Colony.Save      ( $RUN_DIR/work/vendor/colony0.2/src/Colony/Save.hs, $RUN_DIR/build/Colony/Save.o )
[20 of 21] Compiling Main             ( src/Main.hs, $RUN_DIR/build/Main.o )
[21 of 21] Linking $RUN_DIR/build/lifecycle
