NOTE: Picked up JDK_JAVA_OPTIONS: 
Picked up JAVA_TOOL_OPTIONS: 
Picked up _JAVA_OPTIONS: 
TLC2 Version 2.19 of 08 August 2024 (rev: 5a47802)
Running breadth-first search Model-Checking with fp 0 and seed 1 with 1 worker on 9 cores with 455MB heap and 64MB offheap memory [pid: 131] (Linux 6.18.44 amd64, Debian 21.0.12.1 x86_64, MSBDiskFPSet, DiskStateQueue).
Parsing file $RUN_DIR/work/model/SaveLifecycle.tla
Parsing file $RUN_DIR/tmp/Naturals.tla
Parsing file $RUN_DIR/tmp/FiniteSets.tla
Parsing file $RUN_DIR/tmp/Sequences.tla
Semantic processing of module Naturals
Semantic processing of module Sequences
Semantic processing of module FiniteSets
Semantic processing of module SaveLifecycle
Starting... (2026-10-05 00:50:10)
Implied-temporal checking--satisfiability problem has 5 branches.
Computing initial states...
Finished computing initial states: 1 distinct state generated at 2026-10-05 00:50:10.
Checking 5 branches of temporal properties for the current state space with 56070 total distinct states at (2026-10-05 00:50:13)
Finished checking temporal properties in 00s at 2026-10-05 00:50:14
Progress(10) at 2026-10-05 00:50:14: 32,131 states generated (32,131 s/min), 11,214 distinct states found (11,214 ds/min), 5,335 states left on queue.
Checking 5 branches of temporal properties for the current state space with 396135 total distinct states at (2026-10-05 00:51:14)
Finished checking temporal properties in 03s at 2026-10-05 00:51:17
Progress(17) at 2026-10-05 00:51:17: 576,204 states generated (544,073 s/min), 79,227 distinct states found (68,013 ds/min), 966 states left on queue.
Progress(17) at 2026-10-05 00:51:18: 583,932 states generated, 79,227 distinct states found, 0 states left on queue.
Checking 5 branches of temporal properties for the complete state space with 396135 total distinct states at (2026-10-05 00:51:18)
Finished checking temporal properties in 03s at 2026-10-05 00:51:21
Model checking completed. No error has been found.
  Estimates of the probability that TLC did not check all reachable states
  because two distinct states had the same fingerprint:
  calculated (optimistic):  val = 2.2E-9
  based on the actual fingerprints:  val = 4.3E-11
583932 states generated, 79227 distinct states found, 0 states left on queue.
The depth of the complete state graph search is 17.
The average outdegree of the complete state graph is 1 (minimum is 0, the maximum 9 and the 95th percentile is 8).
Finished in 01min 11s at (2026-10-05 00:51:21)
