NOTE: Picked up JDK_JAVA_OPTIONS: 
Picked up JAVA_TOOL_OPTIONS: 
Picked up _JAVA_OPTIONS: 
TLC2 Version 2.19 of 08 August 2024 (rev: 5a47802)
Running breadth-first search Model-Checking with fp 0 and seed 1 with 1 worker on 9 cores with 455MB heap and 64MB offheap memory [pid: 301] (Linux 6.18.44 amd64, Debian 21.0.12.1 x86_64, MSBDiskFPSet, DiskStateQueue).
Parsing file $RUN_DIR/work/model/SaveLifecycle.tla
Parsing file $RUN_DIR/tmp/Naturals.tla
Parsing file $RUN_DIR/tmp/FiniteSets.tla
Parsing file $RUN_DIR/tmp/Sequences.tla
Semantic processing of module Naturals
Semantic processing of module Sequences
Semantic processing of module FiniteSets
Semantic processing of module SaveLifecycle
Starting... (2026-10-05 00:51:30)
Computing initial states...
Finished computing initial states: 1 distinct state generated at 2026-10-05 00:51:30.
Error: Invariant UniqueResponse is violated.
Error: The behavior up to this point is:
State 1: <Initial predicate>
/\ revision = 0
/\ epoch = 0
/\ request = 0
/\ active = 0
/\ event = "Init"
/\ phase = <<"unused", "unused", "unused", "unused">>
/\ acceptedEpoch = <<0, 0, 0, 0>>
/\ accepted = <<0, 0, 0, 0>>
/\ receipt = 0
/\ branch = 0
/\ saved = FALSE
/\ captured = <<0, 0, 0, 0>>
/\ capturedBranch = <<0, 0, 0, 0>>

State 2: <Start line 21, col 2 to line 26, col 82 of module SaveLifecycle>
/\ revision = 0
/\ epoch = 0
/\ request = 1
/\ active = 1
/\ event = "Start"
/\ phase = <<"writing", "unused", "unused", "unused">>
/\ acceptedEpoch = <<0, 0, 0, 0>>
/\ accepted = <<0, 0, 0, 0>>
/\ receipt = 0
/\ branch = 0
/\ saved = FALSE
/\ captured = <<0, 0, 0, 0>>
/\ capturedBranch = <<0, 0, 0, 0>>

State 3: <Persist line 28, col 2 to line 30, col 116 of module SaveLifecycle>
/\ revision = 0
/\ epoch = 0
/\ request = 1
/\ active = 1
/\ event = "Persist"
/\ phase = <<"persisted", "unused", "unused", "unused">>
/\ acceptedEpoch = <<0, 0, 0, 0>>
/\ accepted = <<0, 0, 0, 0>>
/\ receipt = 0
/\ branch = 0
/\ saved = FALSE
/\ captured = <<0, 0, 0, 0>>
/\ capturedBranch = <<0, 0, 0, 0>>

State 4: <Callback line 38, col 2 to line 47, col 74 of module SaveLifecycle>
/\ revision = 0
/\ epoch = 0
/\ request = 1
/\ active = 0
/\ event = "Callback"
/\ phase = <<"persisted", "unused", "unused", "unused">>
/\ acceptedEpoch = <<0, 0, 0, 0>>
/\ accepted = <<1, 0, 0, 0>>
/\ receipt = 1
/\ branch = 0
/\ saved = TRUE
/\ captured = <<0, 0, 0, 0>>
/\ capturedBranch = <<0, 0, 0, 0>>

State 5: <Callback line 38, col 2 to line 47, col 74 of module SaveLifecycle>
/\ revision = 0
/\ epoch = 0
/\ request = 1
/\ active = 0
/\ event = "Callback"
/\ phase = <<"persisted", "unused", "unused", "unused">>
/\ acceptedEpoch = <<0, 0, 0, 0>>
/\ accepted = <<2, 0, 0, 0>>
/\ receipt = 1
/\ branch = 0
/\ saved = TRUE
/\ captured = <<0, 0, 0, 0>>
/\ capturedBranch = <<0, 0, 0, 0>>

99 states generated, 93 distinct states found, 67 states left on queue.
The depth of the complete state graph search is 5.
The average outdegree of the complete state graph is 4 (minimum is 2, the maximum 5 and the 95th percentile is 5).
Finished in 00s at (2026-10-05 00:51:30)
