NOTE: Picked up JDK_JAVA_OPTIONS: 
Picked up JAVA_TOOL_OPTIONS: 
Picked up _JAVA_OPTIONS: 
TLC2 Version 2.19 of 08 August 2024 (rev: 5a47802)
Running breadth-first search Model-Checking with fp 0 and seed 1 with 1 worker on 9 cores with 455MB heap and 64MB offheap memory [pid: 177] (Linux 6.18.44 amd64, Debian 21.0.12.1 x86_64, MSBDiskFPSet, DiskStateQueue).
Parsing file $RUN_DIR/work/model/SaveLifecycle.tla
Parsing file $RUN_DIR/tmp/Naturals.tla
Parsing file $RUN_DIR/tmp/FiniteSets.tla
Parsing file $RUN_DIR/tmp/Sequences.tla
Semantic processing of module Naturals
Semantic processing of module Sequences
Semantic processing of module FiniteSets
Semantic processing of module SaveLifecycle
Starting... (2026-10-05 00:51:22)
Implied-temporal checking--satisfiability problem has 5 branches.
Computing initial states...
Finished computing initial states: 1 distinct state generated at 2026-10-05 00:51:23.
Checking 5 branches of temporal properties for the current state space with 179555 total distinct states at (2026-10-05 00:51:26)
Error: Temporal properties were violated.

Error: The following behavior constitutes a counter-example:

State 1: <Initial predicate>
/\ revision = 0
/\ epoch = 0
/\ request = 0
/\ active = 0
/\ event = "Init"
/\ phase = <<"unused", "unused", "unused", "unused">>
/\ acceptedEpoch = <<0, 0, 0, 0>>
/\ accepted = <<0, 0, 0, 0>>
/\ receipt = 0
/\ branch = 0
/\ saved = FALSE
/\ captured = <<0, 0, 0, 0>>
/\ capturedBranch = <<0, 0, 0, 0>>

State 2: <Start line 21, col 2 to line 26, col 82 of module SaveLifecycle>
/\ revision = 0
/\ epoch = 0
/\ request = 1
/\ active = 1
/\ event = "Start"
/\ phase = <<"writing", "unused", "unused", "unused">>
/\ acceptedEpoch = <<0, 0, 0, 0>>
/\ accepted = <<0, 0, 0, 0>>
/\ receipt = 0
/\ branch = 0
/\ saved = FALSE
/\ captured = <<0, 0, 0, 0>>
/\ capturedBranch = <<0, 0, 0, 0>>

State 3: <Advance line 57, col 2 to line 61, col 74 of module SaveLifecycle>
/\ revision = 0
/\ epoch = 1
/\ request = 0
/\ active = 0
/\ event = "Load"
/\ phase = <<"writing", "unused", "unused", "unused">>
/\ acceptedEpoch = <<0, 0, 0, 0>>
/\ accepted = <<0, 0, 0, 0>>
/\ receipt = 0
/\ branch = 0
/\ saved = FALSE
/\ captured = <<0, 0, 0, 0>>
/\ capturedBranch = <<0, 0, 0, 0>>

State 4: <Start line 21, col 2 to line 26, col 82 of module SaveLifecycle>
/\ revision = 0
/\ epoch = 1
/\ request = 4
/\ active = 2
/\ event = "Start"
/\ phase = <<"writing", "unused", "unused", "writing">>
/\ acceptedEpoch = <<0, 0, 0, 0>>
/\ accepted = <<0, 0, 0, 0>>
/\ receipt = 0
/\ branch = 0
/\ saved = FALSE
/\ captured = <<0, 0, 0, 0>>
/\ capturedBranch = <<0, 0, 0, 0>>

State 5: <Edit line 53, col 2 to line 55, col 106 of module SaveLifecycle>
/\ revision = 1
/\ epoch = 1
/\ request = 0
/\ active = 2
/\ event = "Edit"
/\ phase = <<"writing", "unused", "unused", "writing">>
/\ acceptedEpoch = <<0, 0, 0, 0>>
/\ accepted = <<0, 0, 0, 0>>
/\ receipt = 0
/\ branch = 0
/\ saved = FALSE
/\ captured = <<0, 0, 0, 0>>
/\ capturedBranch = <<0, 0, 0, 0>>

State 6: <Fail line 32, col 2 to line 34, col 116 of module SaveLifecycle>
/\ revision = 1
/\ epoch = 1
/\ request = 4
/\ active = 2
/\ event = "Fail"
/\ phase = <<"writing", "unused", "unused", "failed">>
/\ acceptedEpoch = <<0, 0, 0, 0>>
/\ accepted = <<0, 0, 0, 0>>
/\ receipt = 0
/\ branch = 0
/\ saved = FALSE
/\ captured = <<0, 0, 0, 0>>
/\ capturedBranch = <<0, 0, 0, 0>>

State 7: <Callback line 38, col 2 to line 47, col 74 of module SaveLifecycle>
/\ revision = 1
/\ epoch = 1
/\ request = 4
/\ active = 0
/\ event = "Callback"
/\ phase = <<"writing", "unused", "unused", "failed">>
/\ acceptedEpoch = <<0, 0, 0, 0>>
/\ accepted = <<0, 0, 0, 0>>
/\ receipt = 0
/\ branch = 0
/\ saved = FALSE
/\ captured = <<0, 0, 0, 0>>
/\ capturedBranch = <<0, 0, 0, 0>>

State 8: <Start line 21, col 2 to line 26, col 82 of module SaveLifecycle>
/\ revision = 1
/\ epoch = 1
/\ request = 3
/\ active = 1
/\ event = "Start"
/\ phase = <<"writing", "unused", "writing", "failed">>
/\ acceptedEpoch = <<0, 0, 0, 0>>
/\ accepted = <<0, 0, 0, 0>>
/\ receipt = 0
/\ branch = 0
/\ saved = FALSE
/\ captured = <<0, 0, 1, 0>>
/\ capturedBranch = <<0, 0, 0, 0>>

State 9: <Persist line 28, col 2 to line 30, col 116 of module SaveLifecycle>
/\ revision = 1
/\ epoch = 1
/\ request = 3
/\ active = 1
/\ event = "Persist"
/\ phase = <<"writing", "unused", "persisted", "failed">>
/\ acceptedEpoch = <<0, 0, 0, 0>>
/\ accepted = <<0, 0, 0, 0>>
/\ receipt = 0
/\ branch = 0
/\ saved = FALSE
/\ captured = <<0, 0, 1, 0>>
/\ capturedBranch = <<0, 0, 0, 0>>

State 10: <Callback line 38, col 2 to line 47, col 74 of module SaveLifecycle>
/\ revision = 1
/\ epoch = 1
/\ request = 3
/\ active = 0
/\ event = "Callback"
/\ phase = <<"writing", "unused", "persisted", "failed">>
/\ acceptedEpoch = <<0, 0, 1, 0>>
/\ accepted = <<0, 0, 1, 0>>
/\ receipt = 3
/\ branch = 0
/\ saved = TRUE
/\ captured = <<0, 0, 1, 0>>
/\ capturedBranch = <<0, 0, 0, 0>>

State 11: Stuttering
Finished checking temporal properties in 00s at 2026-10-05 00:51:26
154891 states generated, 35911 distinct states found, 11117 states left on queue.
Finished in 03s at (2026-10-05 00:51:26)
